// Jest Snapshot v1, https://goo.gl/fbAQLP

exports[`Tile match snapshot 1`] = `
<div
  className="undefined "
  data-testid="tile"
/>
`;
